// Jest Snapshot v1, https://goo.gl/fbAQLP

exports[`Documents ArchiveModalContent should render correctly 1`] = `
<div>
  <p>
    Do you really want to archive the document?
  </p>
  <hr />
  <form
    className="form-horizontal"
  >
    <div
      className="form-group"
    >
      <label
        className="col-md-4 control-label"
      >
        New actual document
      </label>
      <div
        className="col-md-8"
      >
        <Select
          arrowRenderer={[Function]}
          autosize={true}
          backspaceRemoves={true}
          backspaceToRemoveMessage="Press backspace to remove {label}"
          clearAllText="Clear all"
          clearRenderer={[Function]}
          clearValueText="Clear value"
          clearable={true}
          closeOnSelect={true}
          deleteRemoves={true}
          delimiter=","
          disabled={false}
          escapeClearsValue={true}
          filterOptions={[Function]}
          ignoreAccents={true}
          ignoreCase={true}
          inputProps={Object {}}
          isLoading={false}
          joinValues={false}
          labelKey="name"
          matchPos="any"
          matchProp="any"
          menuBuffer={0}
          menuRenderer={[Function]}
          multi={false}
          noResultsText="No results found"
          onBlurResetsInput={true}
          onChange={[Function]}
          onCloseResetsInput={true}
          onSelectResetsInput={true}
          openOnClick={true}
          optionComponent={[Function]}
          options={Array []}
          pageSize={5}
          placeholder="Select..."
          removeSelected={true}
          required={false}
          rtl={false}
          scrollMenuIntoView={true}
          searchable={true}
          simpleValue={false}
          tabSelectsValue={true}
          trimFilter={true}
          value={Object {}}
          valueComponent={[Function]}
          valueKey="id"
        />
      </div>
    </div>
  </form>
</div>
`;
