// Jest Snapshot v1, https://goo.gl/fbAQLP

exports[`Footer should render correctly 1`] = `
<footer
  className="main-footer"
>
  <div
    className="pull-right hidden-xs"
  >
    <b>
      Version
    </b>
     0.0.1
  </div>
  <strong>
    Copyright Â© 2018 
    <a
      href="http://codenetix.com"
    >
      Codenetix
    </a>
    .
  </strong>
</footer>
`;
